<?xml version="1.0" encoding="UTF-8"?>
<testsuites name="jest tests" tests="1" failures="0" errors="0" time="1.985">
  <testsuite name="src/App.test.tsx" errors="0" failures="0" skipped="0" timestamp="2022-02-22T12:37:54" time="0.996" tests="1">
    <testcase classname="dummy test test tests" name="dummy test test tests" time="0.002">
    </testcase>
  </testsuite>
</testsuites>